Usage: python game.py dice1 dice2 dice3 [dice4 ...]
Example: python game.py 1,2,3,4,5,6 1,1,1,6,6,6 2,2,2,5,5,5
PS F:\Itransition Software Development Task\Task3> python game.py 1,2,3,4,5,6 1,2,3,4,5,6
Usage: python game.py dice1 dice2 dice3 [dice4 ...]
Example: python game.py 1,2,3,4,5,6 1,1,1,6,6,6 2,2,2,5,5,5
PS F:\Itransition Software Development Task\Task3> python game.py 1,2,3,4,5,6 1,2,3,a,5,6 1,2,3,4,5,6
Error parsing dice values '1,2,3,a,5,6': invalid literal for int() with base 10: 'a'
PS F:\Itransition Software Development Task\Task3> python game.py 1,2,3,4,5,6.5 1,2,3,4,5,6 1,2,3,4,5,6
Error parsing dice values '1,2,3,4,5,6.5': invalid literal for int() with base 10: '6.5'
PS F:\Itransition Software Development Task\Task3> python game.py 1,2,3,4,5,6 1,2,3,4,5,6 1,2,3,4,5,6 1,2,3,4,5,6
Welcome to the Dice Game!

Probability Table:
        Die 0   Die 1   Die 2   Die 3
Die 0   0.50    0.42    0.42    0.42
Die 1   0.42    0.50    0.42    0.42
Die 2   0.42    0.42    0.50    0.42
Die 3   0.42    0.42    0.42    0.50

Let's determine who will select their die first.
I selected a random number (HMAC=b3f6f2f3340d0aef8556e05e9068d4bf0ad9fd49f0673f80ab5e6bea1777103b).
Guess the number: 0 or 1
Your guess: 0
My number is 1 (KEY=5D92190E0B7FDA9CFC5EE9E88DDD8AEB).
Computer will select its die first.
Choose your dice:
0 - Die([1, 2, 3, 4, 5, 6])
1 - Die([1, 2, 3, 4, 5, 6])
2 - Die([1, 2, 3, 4, 5, 6])
Your selection: 2

You selected: Die([1, 2, 3, 4, 5, 6])
Computer selected: Die([1, 2, 3, 4, 5, 6])

Time to roll the dice!
Your throw: I selected a random value in the range 0..5 (HMAC=716c89cc4ffdefec9dad0a063391fcd275d18dc33a8d8423c14fb25f1d0248f2).
Add your number modulo the die size.
0 - 1
1 - 2
2 - 3
3 - 4
4 - 5
5 - 6
Your selection: 5
My number is 4 (KEY=136CD81DE82F64E8744FEBEE73563FA4).
The result is 5 + 4 = 3 (mod 6).
Computer's throw: I selected a random value in the range 0..5 (HMAC=542988efaba464eecfd2dd51b4ad1142a6f789920f56d7b3586d9c73bca74304).
Add your number modulo the die size.
0 - 1
1 - 2
3 - 4
4 - 5
5 - 6
Your selection: 3
My number is 4 (KEY=81AC4F82D475A576734CA7806AA19A8B).
The result is 3 + 4 = 1 (mod 6).

Your score: 4
Computer's score: 2
Congratulations, you win!
PS F:\Itransition Software Development Task\Task3> python game.py 2,2,4,4,9,9 1,1,6,6,8,8 3,3,5,5,7,7
Welcome to the Dice Game!

Probability Table:
        Die 0   Die 1   Die 2
Die 0   0.50    0.56    0.44
Die 1   0.44    0.50    0.56
Die 2   0.56    0.44    0.50

Let's determine who will select their die first.
I selected a random number (HMAC=481f57fd04984941dcaeb49b822d36f7c25eaac2c88b635411f63ab6e806498c).
Guess the number: 0 or 1
Your guess: 1
My number is 1 (KEY=D0C2E6AF6A445D9E98F17C5270026830).
You will select your die first.
Choose your dice:
0 - Die([2, 2, 4, 4, 9, 9])
1 - Die([1, 1, 6, 6, 8, 8])
2 - Die([3, 3, 5, 5, 7, 7])
Your selection: 1

You selected: Die([1, 1, 6, 6, 8, 8])
Computer selected: Die([2, 2, 4, 4, 9, 9])

Time to roll the dice!
Your throw: I selected a random value in the range 0..5 (HMAC=ef01bacd84888bb93645fbf138d1f0b1a7952ec4b1048918b6cd312f729ed68e).
Add your number modulo the die size.
0 - 1
1 - 1
2 - 6
3 - 6
4 - 8
5 - 8
Your selection: 2
My number is 4 (KEY=913B35143AB8D474918600DA9BED2B6D).
The result is 2 + 4 = 0 (mod 6).
Computer's throw: I selected a random value in the range 0..5 (HMAC=e2d1bf8b24a4300cd942f322fed206b322a764825607d1f3a8b0ee40910c400a).
Add your number modulo the die size.
0 - 2
1 - 2
2 - 4
3 - 4
4 - 9
5 - 9
Your selection: 4
My number is 1 (KEY=0100B54EBEAD2E034D687F40F46D235A).
The result is 4 + 1 = 5 (mod 6).

Your score: 1
Computer's score: 9
Sorry, the computer wins.
PS F:\Itransition Software Development Task\Task3> python game.py 2,2,4,4,9,9 1,1,6,6,8,8 3,3,5,5,7,7
Welcome to the Dice Game!

Probability Table:
        Die 0   Die 1   Die 2
Die 0   0.50    0.56    0.44
Die 1   0.44    0.50    0.56
Die 2   0.56    0.44    0.50

Let's determine who will select their die first.
I selected a random number (HMAC=f365aa39d113bc79095436174729d671691ff0141a7c94f29c7c21471bb66691).
Guess the number: 0 or 1
Your guess: 0
My number is 0 (KEY=C98A3B548906205DC1EEA786E266BA1B).
You will select your die first.
Choose your dice:
0 - Die([2, 2, 4, 4, 9, 9])
1 - Die([1, 1, 6, 6, 8, 8])
2 - Die([3, 3, 5, 5, 7, 7])
Your selection: 2

You selected: Die([3, 3, 5, 5, 7, 7])
Computer selected: Die([1, 1, 6, 6, 8, 8])

Time to roll the dice!
Your throw: I selected a random value in the range 0..5 (HMAC=91d938c429d5686d47b3f6b7fa940cae1d0757617aa2ec51a751d351fedda999).
Add your number modulo the die size.
0 - 3
1 - 3
2 - 5
3 - 5
4 - 7
5 - 7
Your selection: 0
My number is 3 (KEY=8639D850EB52E3FEC6A6B6B47AF64A45).
The result is 0 + 3 = 3 (mod 6).
Computer's throw: I selected a random value in the range 0..5 (HMAC=3a55e01cdcae267aa5a3f484bfdf3dfb1695b7143841a074bf4f20bac7eb20be).
Add your number modulo the die size.
0 - 1
1 - 1
2 - 6
3 - 6
4 - 8
5 - 8
Your selection: 5
My number is 5 (KEY=322C5B406F1BB35D6356CCF708E319D0).
The result is 5 + 5 = 4 (mod 6).

Your score: 5
Computer's score: 8
Sorry, the computer wins.
PS F:\Itransition Software Development Task\Task3>